// Jest Snapshot v1, https://goo.gl/fbAQLP

exports[`renders successfully 1`] = `
<Component
  style={
    Object {
      "alignItems": "center",
      "backgroundColor": "#F5FCFF",
      "flex": 1,
      "justifyContent": "center",
    }
  }
>
  <Text
    accessible={true}
    allowFontScaling={true}
    ellipsizeMode="tail"
    style={
      Object {
        "color": "#663399",
      }
    }
  >
    This is the app...
  </Text>
  <Text
    accessible={true}
    allowFontScaling={true}
    ellipsizeMode="tail"
    style={
      Object {
        "color": "#663399",
      }
    }
  >
    This is a test item
  </Text>
  <Link
    component={[Function]}
    replace={false}
    to="/profile"
  >
    <Image
      source="test-file-stub"
      style={
        Object {
          "marginBottom": 5,
        }
      }
    />
  </Link>
  <Link
    component={[Function]}
    replace={false}
    to="/todos"
  >
    <Image
      source="test-file-stub"
      style={
        Object {
          "marginBottom": 5,
        }
      }
    />
  </Link>
</Component>
`;
