// Jest Snapshot v1, https://goo.gl/fbAQLP

exports[`<Profile> displays profile info 1`] = `
<div
  class="profile"
>
  <div
    class="content"
  >
    Profile page
    <ul>
      <li />
      <li />
      <li>
        Austin, TX
      </li>
    </ul>
    <a>
      Back
    </a>
    <button>
      Refresh
    </button>
    <div
      class="error"
    />
  </div>
</div>
`;
