// Jest Snapshot v1, https://goo.gl/fbAQLP

exports[`<Todos> renders the Todos content 1`] = `
<div
  className="todos"
>
  <div
    className="modal"
  >
    Todos page
    <ul />
    <Link
      onlyActiveOnIndex={false}
      style={Object {}}
      to="/home"
    >
      Back
    </Link>
    <button
      onClick={[Function]}
    >
      Filter Done
    </button>
    <button
      onClick={[Function]}
    >
      Filter Current
    </button>
  </div>
</div>
`;
